CHANGE_USER_PROFILE_V1

=== INPUT_HISTORY ===
{"ts_epoch":1778829016,"ts":"Fri May 15 10:10:16 2026","source":"input_to_graph","text":"Hi, I would like to build an app"}
{"ts_epoch":1778829079,"ts":"Fri May 15 10:11:19 2026","source":"input_to_graph","text":"I love coding, it always made me feel like the smartest in the class, but the problem is that when feedback dissapears I hate coding"}
{"ts_epoch":1778829128,"ts":"Fri May 15 10:12:08 2026","source":"input_to_graph","text":"i love horror games, don t know why"}
{"ts_epoch":1778829178,"ts":"Fri May 15 10:12:58 2026","source":"input_to_graph","text":"i really need to feel mre alive and independent"}
{"ts_epoch":1778829233,"ts":"Fri May 15 10:13:53 2026","source":"goal_create_request_title","text":"i would like to make a new app"}
{"ts_epoch":1778829233,"ts":"Fri May 15 10:13:53 2026","source":"goal_create_request_extrainfo","text":"I want to make an app about ... I don t know , anything that makes me happy"}
{"ts":"Sat May 16 18:38:52 2026","source":"middleware_chat_user","text":"hi"}
{"ts":"Sat May 16 18:38:52 2026","source":"input_to_graph","text":"hi"}
{"ts":"Sat May 16 18:38:59 2026","source":"middleware_chat_assistant","text":"Hi. What would you like to work on next?"}
{"ts":"Sat May 16 18:39:11 2026","source":"middleware_chat_user","text":"what work? I am here to talk"}
{"ts":"Sat May 16 18:39:11 2026","source":"input_to_graph","text":"what work? I am here to talk"}
{"ts":"Sat May 16 18:39:18 2026","source":"middleware_chat_assistant","text":"Understood ??? no work right now. We can just talk. What would you like to chat about?"}
{"ts":"Sat May 16 18:39:39 2026","source":"middleware_chat_user","text":"I don't know, I am a bit dizzy about life"}
{"ts":"Sat May 16 18:39:39 2026","source":"input_to_graph","text":"I don't know, I am a bit dizzy about life"}
{"ts":"Sat May 16 18:39:46 2026","source":"middleware_profile_set","text":"latest_input_theme=feeling lost or dizzy about life reason=User expressed a current emotional state and vague life confusion, which supports operational memory."}
{"ts":"Sat May 16 18:39:46 2026","source":"middleware_chat_assistant","text":"That sounds heavy. You don???t need to have it figured out right now. We can slow it down and just name one part of life that feels most off ??? work, relationships, direction, energy, or something else. If you want, I can help you sort it into something clearer in one minute."}
{"ts":"Sat May 16 18:44:06 2026","source":"middleware_chat_user","text":"i hate my student life, i want to code"}
{"ts":"Sat May 16 18:44:06 2026","source":"input_to_graph","text":"i hate my student life, i want to code"}
{"ts":"Sat May 16 18:44:14 2026","source":"middleware_profile_set","text":"current_focus=move toward coding reason=User explicitly stated they want to code and are dissatisfied with student life, which supports updating operational focus memory."}
{"ts":"Sat May 16 18:44:14 2026","source":"middleware_profile_set","text":"latest_input_theme=wanting to code and move away from student life reason=Current input clearly expresses a shift in theme toward coding and dissatisfaction with student life."}
{"ts":"Sat May 16 18:44:14 2026","source":"middleware_chat_assistant","text":"That???s a clear signal: you want out of the current student loop and into coding. We can turn that into a concrete direction instead of letting it stay as frustration.\n\nRight now I???d pin your focus as: **move toward coding as your next path**. If you want, I can help you do one of three things next:\n1. pick a realistic first coding target,\n2. turn this into a small project goal, or\n3. map a plan to transition without burning out.\n\nIf you want, I can also remember that coding is your current focus."}
{"ts":"Sat May 16 18:44:46 2026","source":"middleware_chat_user","text":"what would you recommend me to do?"}
{"ts":"Sat May 16 18:44:46 2026","source":"input_to_graph","text":"what would you recommend me to do?"}
{"ts":"Sat May 16 18:44:54 2026","source":"middleware_profile_set","text":"latest_input_theme=asking for advice about next steps toward coding reason=User asked for recommendation; updating the latest input theme supports operational memory."}
{"ts":"Sat May 16 18:44:54 2026","source":"middleware_chat_assistant","text":"My recommendation: don???t try to solve your whole life today. Do the next move toward coding, in a way that is small enough to actually finish.\n\nDo this today:\n1. Pick one coding track: web, mobile, or Python.\n2. Spend 30 minutes learning the basics of that one track.\n3. Build one tiny thing immediately after: a button clicker, a to-do list, or a simple page.\n4. Save it and write down: ???I started.???\n\nIf you want the fastest path, I???d suggest web development because you can see results quickly and keep momentum. **Tiny wins beat dramatic plans.**\n\nIf you want, I can help you choose the best first coding target and turn it into a 3-day plan."}
{"ts":"Sat May 16 18:45:09 2026","source":"middleware_chat_user","text":"can you give me a goal?"}
{"ts":"Sat May 16 18:45:09 2026","source":"input_to_graph","text":"can you give me a goal?"}
{"ts":"Sat May 16 18:45:21 2026","source":"goal_create_request_title","text":"Build your first tiny coding project in 3 days"}
{"ts":"Sat May 16 18:45:21 2026","source":"goal_create_request_extrainfo","text":"Choose one track (web, Python, or mobile), spend a short focused session learning the basics, then build one very small finished project you can save and show at the end. Keep it realistic, low-friction, and aimed at momentum."}
{"ts":"Sat May 16 18:46:24 2026","source":"middleware_chat_assistant","text":"Yes ??? I???d make your goal:\n\n**Build your first tiny coding project in 3 days.**\n\nKeep it simple: choose one track (web, Python, or mobile), learn just enough to start, and finish one small thing you can point to at the end. Tiny wins beat vague ambition ??? **no one gets bonus points for suffering through an overcomplicated plan**.\n\nIf you want, I can turn this into a clearer 3-step goal or create it in the system for you."}

=== GOAL_ACTIVITY ===
{"ts_epoch":1778829306,"ts":"Fri May 15 10:15:06 2026","event":"goal_created","goal_id":"g34t0ByGZdxMXWAu9dsKoxiu11CRqmWt","goal_title":"Build a happiness-focused app prototype","goal_depth":1,"details":"Create a small solo-friendly app-building project centered on making the user feel happy and creatively engaged. Use a simple prototype or MVP for a positive-use app, such as a mood/joy tracker or a tiny daily happiness prompt app, with basic UI, one clear core loop, and no heavy integrations or complex backend. Keep it tangible, uplifting, and low-friction, and lock the concept early to one platform and one core feature set."}
{"ts":"Fri May 15 14:31:50 2026","event":"goal_started_deep","goal_id":"gQyp3Ic5tata0EORWzrgeAvVHImEb1lI","goal_title":"Choose the single run fantasy","goal_depth":4,"details":"deep-startable leaf selected"}
{"ts":"Fri May 15 14:41:54 2026","event":"goal_ended","goal_id":"gQyp3Ic5tata0EORWzrgeAvVHImEb1lI","goal_title":"Choose the single run fantasy","goal_depth":4,"details":"goal marked complete"}
{"ts":"Fri May 15 14:42:06 2026","event":"goal_started_deep","goal_id":"gHHVAdXtxXKvLe9tYwI2B6mkDUu8Ulhs","goal_title":"Map the start-to-finish action chain","goal_depth":4,"details":"deep-startable leaf selected"}
{"ts":"Fri May 15 14:52:09 2026","event":"goal_ended","goal_id":"gHHVAdXtxXKvLe9tYwI2B6mkDUu8Ulhs","goal_title":"Map the start-to-finish action chain","goal_depth":4,"details":"goal marked complete"}
{"ts":"Fri May 15 14:52:41 2026","event":"goal_started_deep","goal_id":"gQNdgQYxbK7wl9uEVQbOf70nzIHxsSCI","goal_title":"Set the loop boundaries","goal_depth":4,"details":"deep-startable leaf selected"}
{"ts":"Sat May 16 18:46:24 2026","event":"goal_created","goal_id":"gH8a3stTdKGcTELZSsHOTPPEmfGpAHTX","goal_title":"Build a tiny Python music-and-games practice app","goal_depth":1,"details":"Make one very small Python console project the user can finish, save, and show at the end: a beat-timed prompt or reaction-timer style mini game with a simple score or streak. Keep scope tight: one short basics session, one small playable loop, no backend/accounts/databases/deployment, and only minimal styling or sound cues if they do not slow completion."}

=== DERIVED_PROFILE ===
updated_at=Sat May 16 18:46:24 2026
profile_kind=automated_mvp_memory
profile_note=system-maintained operational summary for the MVP, not a psychological truth
latest_input_source=middleware_chat_assistant
latest_input=Yes ??? I???d make your goal:\n\n**Build your first tiny coding project in 3 days.**\n\nKeep it simple: choose one track (web, Python, or mobile), learn just enough to start, and finish one small thing you can point to at the end. Tiny wins beat vague ambition ??? **no one gets bonus points for suffering through an overcomplicated plan**.\n\nIf you want, I can turn this into a clearer 3-step goal or create it in the system for you.
last_goal_event=goal_created
last_goal_id=gH8a3stTdKGcTELZSsHOTPPEmfGpAHTX
last_goal_title=Build a tiny Python music-and-games practice app
current_focus_goal_id=gH8a3stTdKGcTELZSsHOTPPEmfGpAHTX
current_focus_goal_title=Build a tiny Python music-and-games practice app
